{
  "submodels": [
    {
      "id": "something_random_b0c234ba",
      "modelType": "Submodel",
      "submodelElements": [
        {
          "idShort": "some_id_short_5a3e7c0f",
          "modelType": "Property",
          "value": "340282346638528859811704183484516925440",
          "valueType": "xs:float"
        }
      ]
    }
  ]
}