{
  "submodels": [
    {
      "id": "something_random_b0c234ba",
      "modelType": "Submodel",
      "submodelElements": [
        {
          "idShort": "some_id_short_5a3e7c0f",
          "max": "0532-09-07T18:47:5214:00",
          "min": "0532-09-07T18:47:5214:00",
          "modelType": "Range",
          "valueType": "xs:dateTime"
        }
      ]
    }
  ]
}