{
  "submodels": [
    {
      "id": "something_random_b0c234ba",
      "modelType": "Submodel",
      "submodelElements": [
        {
          "idShort": "some_id_short_5a3e7c0f",
          "max": "21:32:52",
          "min": "21:32:52",
          "modelType": "Range",
          "valueType": "xs:time"
        }
      ]
    }
  ]
}