{
  "submodels": [
    {
      "id": "something_random_b0c234ba",
      "modelType": "Submodel",
      "submodelElements": [
        {
          "contentType": "application/something-random",
          "idShort": "some_id_short_5a3e7c0f",
          "modelType": "File",
          "value": "file:/M5/%bA:'%9c%6b%ed%00Y*/%4C=4h:d:"
        }
      ]
    }
  ]
}