{
  "submodels": [
    {
      "id": "something_random_b0c234ba",
      "modelType": "Submodel",
      "submodelElements": [
        {
          "contentType": "15j/5j",
          "idShort": "some_id_short_5a3e7c0f",
          "modelType": "File"
        }
      ]
    }
  ]
}