{
  "submodels": [
    {
      "id": "something_random_b0c234ba",
      "modelType": "Submodel",
      "submodelElements": [
        {
          "idShort": "some_id_short_5a3e7c0f",
          "max": "2001-10Z",
          "min": "2001-10Z",
          "modelType": "Range",
          "valueType": "xs:gYearMonth"
        }
      ]
    }
  ]
}