{
  "submodels": [
    {
      "id": "something_random_b0c234ba",
      "modelType": "Submodel",
      "submodelElements": [
        {
          "idShort": "some_id_short_5a3e7c0f",
          "max": "-009",
          "min": "-009",
          "modelType": "Range",
          "valueType": "xs:negativeInteger"
        }
      ]
    }
  ]
}