{
  "submodels": [
    {
      "id": "something_random_b0c234ba",
      "modelType": "Submodel",
      "submodelElements": [
        {
          "idShort": "some_id_short_5a3e7c0f",
          "modelType": "Property",
          "value": "0F+40A==",
          "valueType": "xs:base64Binary"
        }
      ]
    }
  ]
}