{
  "submodels": [
    {
      "id": "something_random_b0c234ba",
      "modelType": "Submodel",
      "submodelElements": [
        {
          "idShort": "some_id_short_5a3e7c0f",
          "modelType": "Property",
          "value": "-0652-03-04T16:04:58.1314:00",
          "valueType": "xs:dateTimeStamp"
        }
      ]
    }
  ]
}