{
  "submodels": [
    {
      "id": "something_random_b0c234ba",
      "modelType": "Submodel",
      "submodelElements": [
        {
          "idShort": "some_id_short_5a3e7c0f",
          "modelType": "Property",
          "value": "-P1935170748DT98672278009473.2S",
          "valueType": "xs:dayTimeDuration"
        }
      ]
    }
  ]
}