{
  "submodels": [
    {
      "id": "something_random_b0c234ba",
      "modelType": "Submodel",
      "submodelElements": [
        {
          "idShort": "some_id_short_5a3e7c0f",
          "max": "-7000-01-01T00:00:00Z",
          "min": "-7000-01-01T00:00:00Z",
          "modelType": "Range",
          "valueType": "xs:dateTimeStamp"
        }
      ]
    }
  ]
}