{
  "submodels": [
    {
      "id": "something_random_b0c234ba",
      "modelType": "Submodel",
      "submodelElements": [
        {
          "idShort": "some_id_short_5a3e7c0f",
          "max": "-60601-02-04T24:00:00.00000000Z",
          "min": "-60601-02-04T24:00:00.00000000Z",
          "modelType": "Range",
          "valueType": "xs:dateTimeStamp"
        }
      ]
    }
  ]
}