{
  "submodels": [
    {
      "id": "something_random_b0c234ba",
      "modelType": "Submodel",
      "submodelElements": [
        {
          "idShort": "some_id_short_5a3e7c0f",
          "max": "some free & <free> \u1984 form text",
          "min": "some free & <free> \u1984 form text",
          "modelType": "Range",
          "valueType": "xs:string"
        }
      ]
    }
  ]
}