{
  "submodels": [
    {
      "id": "something_random_b0c234ba",
      "modelType": "Submodel",
      "submodelElements": [
        {
          "idShort": "some_id_short_5a3e7c0f",
          "max": "\uda09\ude30\ud99d\udc9a\u0007\u00157",
          "min": "\uda09\ude30\ud99d\udc9a\u0007\u00157",
          "modelType": "Range",
          "valueType": "xs:string"
        }
      ]
    }
  ]
}