{
  "assetAdministrationShells": [
    {
      "assetInformation": {
        "assetKind": "Instance"
      },
      "id": "something_random_e73790ba",
      "idShort": "g39dV",
      "modelType": "AssetAdministrationShell"
    }
  ]
}