{
  "submodels": [
    {
      "id": "something_random_b0c234ba",
      "modelType": "Submodel",
      "submodelElements": [
        {
          "idShort": "some_id_short_5a3e7c0f",
          "max": "https://github.com/aas-core-works/aas-core-codegen",
          "min": "https://github.com/aas-core-works/aas-core-codegen",
          "modelType": "Range",
          "valueType": "xs:anyURI"
        }
      ]
    }
  ]
}