{
  "conceptDescriptions": [
    {
      "id": "something_random_e77fa5b4",
      "idShort": "PiXO1wyHierj",
      "modelType": "ConceptDescription"
    }
  ]
}